[www.inpixio.com/change-background/index.html]
[backblue.gif]
[fade.gif]
[index.html]
[www.inpixio.com/static/lp/photostudio/EN/mb/fontello/css/fontello.css]
[www.inpixio.com/static/lp/photostudio/EN/mb/owl-carousel/owl.carousel.min.css]
[www.inpixio.com/remove-background/css/newback.css]
[www.inpixio.com/remove-background/scripts.js]
[avqtools.avanquest.com/js/v3/inpixio.com.min.js]
[www.inpixio.com/remove-background/images/change/banner.png]
[www.inpixio.com/remove-background/images/new/examples/portrait.jpg]
[www.inpixio.com/remove-background/images/new/example-portrait.jpg]
[www.inpixio.com/remove-background/images/new/examples/product.jpg]
[www.inpixio.com/remove-background/images/new/example-products.jpg]
[www.inpixio.com/remove-background/images/new/examples/car.jpg]
[www.inpixio.com/remove-background/images/new/example-car.jpg]
[www.inpixio.com/remove-background/images/new/examples/dog.jpg]
[www.inpixio.com/remove-background/images/new/example-dog.jpg]
[www.inpixio.com/remove-background/images/change/car-before.jpg]
[www.inpixio.com/remove-background/images/change/car-after.jpg]
[www.inpixio.com/remove-background/images/change/people-before.jpg]
[www.inpixio.com/remove-background/images/change/people-after.jpg]
[www.inpixio.com/remove-background/images/change/animal-before.jpg]
[www.inpixio.com/remove-background/images/change/animal-after.jpg]
[www.inpixio.com/remove-background/images/change/product-before.jpg]
[www.inpixio.com/remove-background/images/change/product-after.jpg]
[www.inpixio.com/static/lp/photostudio/EN/mb/js/jquery.js]
[www.inpixio.com/mb/assets/latest/twentytwenty/twentytwenty.css]
[www.inpixio.com/mb/assets/latest/css/back.css]
[www.inpixio.com/mb/assets/latest/twentytwenty/jquery.twentytwenty.js]
[www.inpixio.com/mb/assets/latest/twentytwenty/jquery.event.move.js]
[www.inpixio.com/mb/assets/latest/js/back.js]
[www.inpixio.com/static/lp/photostudio/EN/mb/owl-carousel/owl.carousel.min.js]
[www.inpixio.com/static/lp/photostudio/EN/mb/js/back.js]
[www.inpixio.com/change-background/index.html]
[www.inpixio.com/static/lp/photostudio/EN/mb/fontello/css/fontello.css]
[www.inpixio.com/static/lp/photostudio/EN/mb/owl-carousel/owl.video.play.png]
[www.inpixio.com/static/lp/photostudio/EN/mb/owl-carousel/owl.carousel.min.css]
[www.inpixio.com/remove-background/css/newback.css]
[www.inpixio.com/change-background/POST]
[www.inpixio.com/remove-background/scripts.js]
[www.googletagmanager.com/gtm5445.html]
[www.inpixio.com/static/lp/photostudio/EN/mb/js/jquery.js]
[www.inpixio.com/mb/assets/latest/twentytwenty/twentytwenty.css]
[www.inpixio.com/mb/assets/latest/css/back.css]
[www.inpixio.com/mb/assets/latest/twentytwenty/jquery.twentytwenty.js]
[www.inpixio.com/mb/assets/latest/twentytwenty/jquery.event.move.js]
[www.inpixio.com/mb/assets/latest/js/back.js]
[www.inpixio.com/static/lp/photostudio/EN/mb/owl-carousel/owl.carousel.min.js]
[www.inpixio.com/static/lp/photostudio/EN/mb/js/back.js]
[www.inpixio.com/static/lp/photostudio/EN/mb/owl-carousel/owl.video.play.html]
[www.inpixio.com/change-background/POST.html]
